main.c:110:6:calcsin	24	static
main.c:128:7:complexABS	16	static
main.c:132:6:doFFT	24	static
main.c:176:5:main	48	static
main.c:285:6:SystemClock_Config	88	static
main.c:329:13:MX_ADC1_Init	24	static
main.c:379:13:MX_DAC_Init	16	static
main.c:417:13:MX_TIM1_Init	96	static
main.c:491:13:MX_TIM2_Init	32	static
main.c:536:13:MX_TIM3_Init	32	static
main.c:581:13:MX_USART2_UART_Init	8	static
main.c:612:13:MX_DMA_Init	16	static
main.c:637:13:MX_GPIO_Init	56	static
main.c:711:6:HAL_ADC_ConvHalfCpltCallback	16	static
main.c:715:6:HAL_ADC_ConvCpltCallback	16	static
main.c:721:6:HAL_TIM_PeriodElapsedCallback	16	static
main.c:729:6:DMATransferComplete	16	static
main.c:740:6:Error_Handler	4	static
